Release 14.3 - xst P.40xd (nt)
Copyright (c) 1995-2012 Xilinx, Inc.  All rights reserved.
--> Parameter TMPDIR set to xst/projnav.tmp


Total REAL time to Xst completion: 1.00 secs
Total CPU time to Xst completion: 0.28 secs
 
--> Parameter xsthdpdir set to xst


Total REAL time to Xst completion: 1.00 secs
Total CPU time to Xst completion: 0.28 secs
 
--> Reading design: contador10000.prj

TABLE OF CONTENTS
  1) Synthesis Options Summary
  2) HDL Parsing
  3) HDL Elaboration
  4) HDL Synthesis
       4.1) HDL Synthesis Report
  5) Advanced HDL Synthesis
       5.1) Advanced HDL Synthesis Report
  6) Low Level Synthesis
  7) Partition Report
  8) Design Summary
       8.1) Primitive and Black Box Usage
       8.2) Device utilization summary
       8.3) Partition Resource Summary
       8.4) Timing Report
            8.4.1) Clock Information
            8.4.2) Asynchronous Control Signals Information
            8.4.3) Timing Summary
            8.4.4) Timing Details
            8.4.5) Cross Clock Domains Report


=========================================================================
*                      Synthesis Options Summary                        *
=========================================================================
---- Source Parameters
Input File Name                    : "contador10000.prj"
Ignore Synthesis Constraint File   : NO

---- Target Parameters
Output File Name                   : "contador10000"
Output Format                      : NGC
Target Device                      : xc6slx16-3-csg324

---- Source Options
Top Module Name                    : contador10000
Automatic FSM Extraction           : YES
FSM Encoding Algorithm             : Auto
Safe Implementation                : No
FSM Style                          : LUT
RAM Extraction                     : Yes
RAM Style                          : Auto
ROM Extraction                     : Yes
Shift Register Extraction          : YES
ROM Style                          : Auto
Resource Sharing                   : YES
Asynchronous To Synchronous        : NO
Shift Register Minimum Size        : 2
Use DSP Block                      : Auto
Automatic Register Balancing       : No

---- Target Options
LUT Combining                      : Auto
Reduce Control Sets                : Auto
Add IO Buffers                     : YES
Global Maximum Fanout              : 100000
Add Generic Clock Buffer(BUFG)     : 16
Register Duplication               : YES
Optimize Instantiated Primitives   : NO
Use Clock Enable                   : Auto
Use Synchronous Set                : Auto
Use Synchronous Reset              : Auto
Pack IO Registers into IOBs        : Auto
Equivalent register Removal        : YES

---- General Options
Optimization Goal                  : Speed
Optimization Effort                : 1
Power Reduction                    : NO
Keep Hierarchy                     : No
Netlist Hierarchy                  : As_Optimized
RTL Output                         : Yes
Global Optimization                : AllClockNets
Read Cores                         : YES
Write Timing Constraints           : NO
Cross Clock Analysis               : NO
Hierarchy Separator                : /
Bus Delimiter                      : <>
Case Specifier                     : Maintain
Slice Utilization Ratio            : 100
BRAM Utilization Ratio             : 100
DSP48 Utilization Ratio            : 100
Auto BRAM Packing                  : NO
Slice Utilization Ratio Delta      : 5

=========================================================================


=========================================================================
*                          HDL Parsing                                  *
=========================================================================
Parsing VHDL file "C:\Users\Lilia\Digital\cuenta10000\contador10000.vhd" into library work
Parsing entity <contador10000>.
Parsing architecture <cuenta> of entity <contador10000>.

=========================================================================
*                            HDL Elaboration                            *
=========================================================================

Elaborating entity <contador10000> (architecture <cuenta>) from library <work>.
WARNING:HDLCompiler:92 - "C:\Users\Lilia\Digital\cuenta10000\contador10000.vhd" Line 110: d should be on the sensitivity list of the process
WARNING:HDLCompiler:92 - "C:\Users\Lilia\Digital\cuenta10000\contador10000.vhd" Line 111: a should be on the sensitivity list of the process
WARNING:HDLCompiler:92 - "C:\Users\Lilia\Digital\cuenta10000\contador10000.vhd" Line 112: b should be on the sensitivity list of the process
WARNING:HDLCompiler:92 - "C:\Users\Lilia\Digital\cuenta10000\contador10000.vhd" Line 113: c should be on the sensitivity list of the process

=========================================================================
*                           HDL Synthesis                               *
=========================================================================

Synthesizing Unit <contador10000>.
    Related source file is "C:\Users\Lilia\Digital\cuenta10000\contador10000.vhd".
    Found 4-bit register for signal <a>.
    Found 4-bit register for signal <b>.
    Found 4-bit register for signal <c>.
    Found 4-bit register for signal <d>.
    Found 10-bit register for signal <j>.
    Found 1-bit register for signal <led>.
    Found 1-bit register for signal <q>.
    Found 4-bit register for signal <an>.
    Found 3-bit register for signal <x>.
    Found 21-bit register for signal <i>.
    Found 21-bit adder for signal <i[20]_GND_3_o_add_0_OUT> created at line 38.
    Found 10-bit adder for signal <j[9]_GND_3_o_add_1_OUT> created at line 39.
    Found 4-bit adder for signal <d[3]_GND_3_o_add_12_OUT> created at line 76.
    Found 4-bit adder for signal <c[3]_GND_3_o_add_14_OUT> created at line 79.
    Found 4-bit adder for signal <b[3]_GND_3_o_add_17_OUT> created at line 82.
    Found 4-bit adder for signal <a[3]_GND_3_o_add_21_OUT> created at line 86.
    Found 3-bit adder for signal <x[2]_GND_3_o_add_32_OUT> created at line 99.
    Found 8x4-bit Read Only RAM for signal <x[2]_X_3_o_wide_mux_30_OUT>
    Found 16x7-bit Read Only RAM for signal <d[3]_X_3_o_wide_mux_36_OUT>
    Found 16x7-bit Read Only RAM for signal <a[3]_X_3_o_wide_mux_37_OUT>
    Found 16x7-bit Read Only RAM for signal <b[3]_X_3_o_wide_mux_38_OUT>
    Found 16x7-bit Read Only RAM for signal <c[3]_X_3_o_wide_mux_39_OUT>
    Summary:
	inferred   5 RAM(s).
	inferred   7 Adder/Subtractor(s).
	inferred  56 D-type flip-flop(s).
	inferred   8 Multiplexer(s).
Unit <contador10000> synthesized.

=========================================================================
HDL Synthesis Report

Macro Statistics
# RAMs                                                 : 5
 16x7-bit single-port Read Only RAM                    : 4
 8x4-bit single-port Read Only RAM                     : 1
# Adders/Subtractors                                   : 7
 10-bit adder                                          : 1
 21-bit adder                                          : 1
 3-bit adder                                           : 1
 4-bit adder                                           : 4
# Registers                                            : 10
 1-bit register                                        : 2
 10-bit register                                       : 1
 21-bit register                                       : 1
 3-bit register                                        : 1
 4-bit register                                        : 5
# Multiplexers                                         : 8
 3-bit 2-to-1 multiplexer                              : 1
 4-bit 2-to-1 multiplexer                              : 4
 7-bit 2-to-1 multiplexer                              : 3

=========================================================================

=========================================================================
*                       Advanced HDL Synthesis                          *
=========================================================================


Synthesizing (advanced) Unit <contador10000>.
The following registers are absorbed into counter <j>: 1 register on signal <j>.
The following registers are absorbed into counter <i>: 1 register on signal <i>.
The following registers are absorbed into counter <a>: 1 register on signal <a>.
The following registers are absorbed into counter <x>: 1 register on signal <x>.
The following registers are absorbed into counter <b>: 1 register on signal <b>.
The following registers are absorbed into counter <c>: 1 register on signal <c>.
The following registers are absorbed into counter <d>: 1 register on signal <d>.
INFO:Xst:3231 - The small RAM <Mram_x[2]_X_3_o_wide_mux_30_OUT> will be implemented on LUTs in order to maximize performance and save block RAM resources. If you want to force its implementation on block, use option/constraint ram_style.
    -----------------------------------------------------------------------
    | ram_type           | Distributed                         |          |
    -----------------------------------------------------------------------
    | Port A                                                              |
    |     aspect ratio   | 8-word x 4-bit                      |          |
    |     weA            | connected to signal <GND>           | high     |
    |     addrA          | connected to signal <x>             |          |
    |     diA            | connected to signal <GND>           |          |
    |     doA            | connected to internal node          |          |
    -----------------------------------------------------------------------
INFO:Xst:3218 - HDL ADVISOR - The RAM <Mram_a[3]_X_3_o_wide_mux_37_OUT> will be implemented on LUTs either because you have described an asynchronous read or because of currently unsupported block RAM features. If you have described an asynchronous read, making it synchronous would allow you to take advantage of available block RAM resources, for optimized device usage and improved timings. Please refer to your documentation for coding guidelines.
    -----------------------------------------------------------------------
    | ram_type           | Distributed                         |          |
    -----------------------------------------------------------------------
    | Port A                                                              |
    |     aspect ratio   | 16-word x 7-bit                     |          |
    |     weA            | connected to signal <GND>           | high     |
    |     addrA          | connected to signal <a>             |          |
    |     diA            | connected to signal <GND>           |          |
    |     doA            | connected to internal node          |          |
    -----------------------------------------------------------------------
INFO:Xst:3218 - HDL ADVISOR - The RAM <Mram_b[3]_X_3_o_wide_mux_38_OUT> will be implemented on LUTs either because you have described an asynchronous read or because of currently unsupported block RAM features. If you have described an asynchronous read, making it synchronous would allow you to take advantage of available block RAM resources, for optimized device usage and improved timings. Please refer to your documentation for coding guidelines.
    -----------------------------------------------------------------------
    | ram_type           | Distributed                         |          |
    -----------------------------------------------------------------------
    | Port A                                                              |
    |     aspect ratio   | 16-word x 7-bit                     |          |
    |     weA            | connected to signal <GND>           | high     |
    |     addrA          | connected to signal <b>             |          |
    |     diA            | connected to signal <GND>           |          |
    |     doA            | connected to internal node          |          |
    -----------------------------------------------------------------------
INFO:Xst:3218 - HDL ADVISOR - The RAM <Mram_c[3]_X_3_o_wide_mux_39_OUT> will be implemented on LUTs either because you have described an asynchronous read or because of currently unsupported block RAM features. If you have described an asynchronous read, making it synchronous would allow you to take advantage of available block RAM resources, for optimized device usage and improved timings. Please refer to your documentation for coding guidelines.
    -----------------------------------------------------------------------
    | ram_type           | Distributed                         |          |
    -----------------------------------------------------------------------
    | Port A                                                              |
    |     aspect ratio   | 16-word x 7-bit                     |          |
    |     weA            | connected to signal <GND>           | high     |
    |     addrA          | connected to signal <c>             |          |
    |     diA            | connected to signal <GND>           |          |
    |     doA            | connected to internal node          |          |
    -----------------------------------------------------------------------
INFO:Xst:3218 - HDL ADVISOR - The RAM <Mram_d[3]_X_3_o_wide_mux_36_OUT> will be implemented on LUTs either because you have described an asynchronous read or because of currently unsupported block RAM features. If you have described an asynchronous read, making it synchronous would allow you to take advantage of available block RAM resources, for optimized device usage and improved timings. Please refer to your documentation for coding guidelines.
    -----------------------------------------------------------------------
    | ram_type           | Distributed                         |          |
    -----------------------------------------------------------------------
    | Port A                                                              |
    |     aspect ratio   | 16-word x 7-bit                     |          |
    |     weA            | connected to signal <GND>           | high     |
    |     addrA          | connected to signal <d>             |          |
    |     diA            | connected to signal <GND>           |          |
    |     doA            | connected to internal node          |          |
    -----------------------------------------------------------------------
Unit <contador10000> synthesized (advanced).

=========================================================================
Advanced HDL Synthesis Report

Macro Statistics
# RAMs                                                 : 5
 16x7-bit single-port distributed Read Only RAM        : 4
 8x4-bit single-port distributed Read Only RAM         : 1
# Counters                                             : 7
 10-bit up counter                                     : 1
 21-bit up counter                                     : 1
 3-bit up counter                                      : 1
 4-bit up counter                                      : 4
# Registers                                            : 6
 Flip-Flops                                            : 6
# Multiplexers                                         : 3
 7-bit 2-to-1 multiplexer                              : 3

=========================================================================

=========================================================================
*                         Low Level Synthesis                           *
=========================================================================

Optimizing unit <contador10000> ...

Mapping all equations...
Building and optimizing final netlist ...
Found area constraint ratio of 100 (+ 5) on block contador10000, actual ratio is 1.

Final Macro Processing ...

=========================================================================
Final Register Report

Macro Statistics
# Registers                                            : 56
 Flip-Flops                                            : 56

=========================================================================

=========================================================================
*                           Partition Report                            *
=========================================================================

Partition Implementation Status
-------------------------------

  No Partitions were found in this design.

-------------------------------

=========================================================================
*                            Design Summary                             *
=========================================================================

Top Level Output File Name         : contador10000.ngc

Primitive and Black Box Usage:
------------------------------
# BELS                             : 201
#      GND                         : 1
#      INV                         : 5
#      LUT1                        : 29
#      LUT2                        : 37
#      LUT3                        : 9
#      LUT4                        : 9
#      LUT5                        : 22
#      LUT6                        : 27
#      MUXCY                       : 29
#      MUXF7                       : 1
#      VCC                         : 1
#      XORCY                       : 31
# FlipFlops/Latches                : 56
#      FD                          : 40
#      FDC                         : 4
#      FDCE                        : 12
# Clock Buffers                    : 1
#      BUFGP                       : 1
# IO Buffers                       : 13
#      IBUF                        : 1
#      OBUF                        : 12

Device utilization summary:
---------------------------

Selected Device : 6slx16csg324-3 


Slice Logic Utilization: 
 Number of Slice Registers:              56  out of  18224     0%  
 Number of Slice LUTs:                  138  out of   9112     1%  
    Number used as Logic:               138  out of   9112     1%  

Slice Logic Distribution: 
 Number of LUT Flip Flop pairs used:    138
   Number with an unused Flip Flop:      82  out of    138    59%  
   Number with an unused LUT:             0  out of    138     0%  
   Number of fully used LUT-FF pairs:    56  out of    138    40%  
   Number of unique control sets:         5

IO Utilization: 
 Number of IOs:                          14
 Number of bonded IOBs:                  14  out of    232     6%  

Specific Feature Utilization:
 Number of BUFG/BUFGCTRLs:                1  out of     16     6%  

---------------------------
Partition Resource Summary:
---------------------------

  No Partitions were found in this design.

---------------------------


=========================================================================
Timing Report

NOTE: THESE TIMING NUMBERS ARE ONLY A SYNTHESIS ESTIMATE.
      FOR ACCURATE TIMING INFORMATION PLEASE REFER TO THE TRACE REPORT
      GENERATED AFTER PLACE-and-ROUTE.

Clock Information:
------------------
-----------------------------------+------------------------+-------+
Clock Signal                       | Clock buffer(FF name)  | Load  |
-----------------------------------+------------------------+-------+
q                                  | NONE(an_3)             | 7     |
led_OBUF                           | NONE(a_0)              | 16    |
clk                                | BUFGP                  | 33    |
-----------------------------------+------------------------+-------+
INFO:Xst:2169 - HDL ADVISOR - Some clock signals were not automatically buffered by XST with BUFG/BUFR resources. Please use the buffer_type constraint in order to insert these buffers to the clock signals to help prevent skew problems.

Asynchronous Control Signals Information:
----------------------------------------
No asynchronous control signals found in this design

Timing Summary:
---------------
Speed Grade: -3

   Minimum period: 3.906ns (Maximum Frequency: 256.029MHz)
   Minimum input arrival time before clock: 2.656ns
   Maximum output required time after clock: 7.953ns
   Maximum combinational path delay: No path found

Timing Details:
---------------
All values displayed in nanoseconds (ns)

=========================================================================
Timing constraint: Default period analysis for Clock 'q'
  Clock period: 2.426ns (frequency: 412.184MHz)
  Total number of paths / destination ports: 15 / 7
-------------------------------------------------------------------------
Delay:               2.426ns (Levels of Logic = 1)
  Source:            x_0 (FF)
  Destination:       x_0 (FF)
  Source Clock:      q rising
  Destination Clock: q rising

  Data Path: x_0 to x_0
                                Gate     Net
    Cell:in->out      fanout   Delay   Delay  Logical Name (Net Name)
    ----------------------------------------  ------------
     FD:C->Q              20   0.447   1.092  x_0 (x_0)
     INV:I->O              1   0.206   0.579  Mcount_x_xor<0>11_INV_0 (Mcount_x)
     FD:D                      0.102          x_0
    ----------------------------------------
    Total                      2.426ns (0.755ns logic, 1.671ns route)
                                       (31.1% logic, 68.9% route)

=========================================================================
Timing constraint: Default period analysis for Clock 'led_OBUF'
  Clock period: 3.079ns (frequency: 324.739MHz)
  Total number of paths / destination ports: 144 / 28
-------------------------------------------------------------------------
Delay:               3.079ns (Levels of Logic = 2)
  Source:            a_1 (FF)
  Destination:       c_0 (FF)
  Source Clock:      led_OBUF rising
  Destination Clock: led_OBUF rising

  Data Path: a_1 to c_0
                                Gate     Net
    Cell:in->out      fanout   Delay   Delay  Logical Name (Net Name)
    ----------------------------------------  ------------
     FDC:C->Q             10   0.447   1.085  a_1 (a_1)
     LUT3:I0->O           13   0.205   1.037  Mmux_ca4121 (Mmux_ca412)
     LUT6:I4->O            1   0.203   0.000  c_0_dpot (c_0_dpot)
     FDCE:D                    0.102          c_0
    ----------------------------------------
    Total                      3.079ns (0.957ns logic, 2.122ns route)
                                       (31.1% logic, 68.9% route)

=========================================================================
Timing constraint: Default period analysis for Clock 'clk'
  Clock period: 3.906ns (frequency: 256.029MHz)
  Total number of paths / destination ports: 860 / 33
-------------------------------------------------------------------------
Delay:               3.906ns (Levels of Logic = 3)
  Source:            i_3 (FF)
  Destination:       i_0 (FF)
  Source Clock:      clk rising
  Destination Clock: clk rising

  Data Path: i_3 to i_0
                                Gate     Net
    Cell:in->out      fanout   Delay   Delay  Logical Name (Net Name)
    ----------------------------------------  ------------
     FD:C->Q               2   0.447   0.981  i_3 (i_3)
     LUT6:I0->O            3   0.203   0.879  PWR_3_o_i[20]_equal_3_o<20>3 (PWR_3_o_i[20]_equal_3_o<20>2)
     LUT6:I3->O           11   0.205   0.883  PWR_3_o_i[20]_equal_3_o<20>4 (PWR_3_o_i[20]_equal_3_o)
     LUT2:I1->O            1   0.205   0.000  i_0_rstpot (i_0_rstpot)
     FD:D                      0.102          i_0
    ----------------------------------------
    Total                      3.906ns (1.162ns logic, 2.744ns route)
                                       (29.8% logic, 70.2% route)

=========================================================================
Timing constraint: Default OFFSET IN BEFORE for Clock 'led_OBUF'
  Total number of paths / destination ports: 16 / 16
-------------------------------------------------------------------------
Offset:              2.656ns (Levels of Logic = 1)
  Source:            reset (PAD)
  Destination:       a_0 (FF)
  Destination Clock: led_OBUF rising

  Data Path: reset to a_0
                                Gate     Net
    Cell:in->out      fanout   Delay   Delay  Logical Name (Net Name)
    ----------------------------------------  ------------
     IBUF:I->O            16   1.222   1.004  reset_IBUF (reset_IBUF)
     FDC:CLR                   0.430          a_0
    ----------------------------------------
    Total                      2.656ns (1.652ns logic, 1.004ns route)
                                       (62.2% logic, 37.8% route)

=========================================================================
Timing constraint: Default OFFSET OUT AFTER for Clock 'q'
  Total number of paths / destination ports: 55 / 11
-------------------------------------------------------------------------
Offset:              7.911ns (Levels of Logic = 5)
  Source:            x_0 (FF)
  Destination:       ca<0> (PAD)
  Source Clock:      q rising

  Data Path: x_0 to ca<0>
                                Gate     Net
    Cell:in->out      fanout   Delay   Delay  Logical Name (Net Name)
    ----------------------------------------  ------------
     FD:C->Q              20   0.447   1.340  x_0 (x_0)
     LUT4:I0->O            2   0.203   0.617  Mmux_ca2121 (Mmux_ca212)
     LUT4:I3->O            2   0.205   0.961  Mmux_ca4111 (Mmux_ca411)
     LUT6:I1->O            1   0.203   0.580  Mmux_ca16_SW0 (N13)
     LUT6:I5->O            1   0.205   0.579  Mmux_ca16 (ca_0_OBUF)
     OBUF:I->O                 2.571          ca_0_OBUF (ca<0>)
    ----------------------------------------
    Total                      7.911ns (3.834ns logic, 4.077ns route)
                                       (48.5% logic, 51.5% route)

=========================================================================
Timing constraint: Default OFFSET OUT AFTER for Clock 'led_OBUF'
  Total number of paths / destination ports: 128 / 7
-------------------------------------------------------------------------
Offset:              7.953ns (Levels of Logic = 5)
  Source:            a_3 (FF)
  Destination:       ca<0> (PAD)
  Source Clock:      led_OBUF rising

  Data Path: a_3 to ca<0>
                                Gate     Net
    Cell:in->out      fanout   Delay   Delay  Logical Name (Net Name)
    ----------------------------------------  ------------
     FDC:C->Q             18   0.447   1.154  a_3 (a_3)
     LUT4:I2->O            2   0.203   0.845  Mmux_ca2111 (Mmux_ca211)
     LUT4:I1->O            2   0.205   0.961  Mmux_ca4111 (Mmux_ca411)
     LUT6:I1->O            1   0.203   0.580  Mmux_ca16_SW0 (N13)
     LUT6:I5->O            1   0.205   0.579  Mmux_ca16 (ca_0_OBUF)
     OBUF:I->O                 2.571          ca_0_OBUF (ca<0>)
    ----------------------------------------
    Total                      7.953ns (3.834ns logic, 4.119ns route)
                                       (48.2% logic, 51.8% route)

=========================================================================
Timing constraint: Default OFFSET OUT AFTER for Clock 'clk'
  Total number of paths / destination ports: 1 / 1
-------------------------------------------------------------------------
Offset:              4.067ns (Levels of Logic = 1)
  Source:            led (FF)
  Destination:       led (PAD)
  Source Clock:      clk rising

  Data Path: led to led
                                Gate     Net
    Cell:in->out      fanout   Delay   Delay  Logical Name (Net Name)
    ----------------------------------------  ------------
     FD:C->Q              18   0.447   1.049  led (led_OBUF)
     OBUF:I->O                 2.571          led_OBUF (led)
    ----------------------------------------
    Total                      4.067ns (3.018ns logic, 1.049ns route)
                                       (74.2% logic, 25.8% route)

=========================================================================

Cross Clock Domains Report:
--------------------------

Clock to Setup on destination clock clk
---------------+---------+---------+---------+---------+
               | Src:Rise| Src:Fall| Src:Rise| Src:Fall|
Source Clock   |Dest:Rise|Dest:Rise|Dest:Fall|Dest:Fall|
---------------+---------+---------+---------+---------+
clk            |    3.906|         |         |         |
---------------+---------+---------+---------+---------+

Clock to Setup on destination clock led_OBUF
---------------+---------+---------+---------+---------+
               | Src:Rise| Src:Fall| Src:Rise| Src:Fall|
Source Clock   |Dest:Rise|Dest:Rise|Dest:Fall|Dest:Fall|
---------------+---------+---------+---------+---------+
led_OBUF       |    3.079|         |         |         |
---------------+---------+---------+---------+---------+

Clock to Setup on destination clock q
---------------+---------+---------+---------+---------+
               | Src:Rise| Src:Fall| Src:Rise| Src:Fall|
Source Clock   |Dest:Rise|Dest:Rise|Dest:Fall|Dest:Fall|
---------------+---------+---------+---------+---------+
q              |    2.426|         |         |         |
---------------+---------+---------+---------+---------+

=========================================================================


Total REAL time to Xst completion: 12.00 secs
Total CPU time to Xst completion: 11.72 secs
 
--> 

Total memory usage is 180292 kilobytes

Number of errors   :    0 (   0 filtered)
Number of warnings :    4 (   0 filtered)
Number of infos    :    6 (   0 filtered)

